[preview.colorlib.com/theme/academica/courses.html]
[backblue.gif]
[fade.gif]
[index.html]
[preview.colorlib.com/theme/academica/img/favicon.ico]
[preview.colorlib.com/theme/academica/css/bootstrap.min.css]
[preview.colorlib.com/theme/academica/css/font-awesome.min.css]
[preview.colorlib.com/theme/academica/css/flaticon.css]
[preview.colorlib.com/theme/academica/css/owl.carousel.css]
[preview.colorlib.com/theme/academica/css/style.css]
[preview.colorlib.com/theme/academica/img/logo.png]
[preview.colorlib.com/theme/academica/index.html]
[preview.colorlib.com/theme/academica/about.html]
[preview.colorlib.com/theme/academica/blog.html]
[preview.colorlib.com/theme/academica/contact.html]
[preview.colorlib.com/theme/academica/img/courses/1.jpg]
[preview.colorlib.com/theme/academica/img/courses/2.jpg]
[preview.colorlib.com/theme/academica/img/courses/3.jpg]
[preview.colorlib.com/theme/academica/img/courses/4.jpg]
[preview.colorlib.com/theme/academica/img/courses/5.jpg]
[preview.colorlib.com/theme/academica/img/courses/6.jpg]
[preview.colorlib.com/theme/academica/img/footer-logo.png]
[preview.colorlib.com/theme/academica/js/jquery-3.2.1.min.js]
[preview.colorlib.com/theme/academica/js/bootstrap.min.js]
[preview.colorlib.com/theme/academica/js/owl.carousel.min.js]
[preview.colorlib.com/theme/academica/js/circle-progress.min.js]
[preview.colorlib.com/theme/academica/js/main.js]
[preview.colorlib.com/theme/academica/courses.html]
[preview.colorlib.com/theme/academica/css/bootstrap.min.css]
[preview.colorlib.com/theme/academica/icon-fonts/fontawesome-webfont3e6e.eot]
[preview.colorlib.com/theme/academica/icon-fonts/fontawesome-webfont3e6e.woff2]
[preview.colorlib.com/theme/academica/icon-fonts/fontawesome-webfontd41d.eot]
[preview.colorlib.com/theme/academica/icon-fonts/fontawesome-webfont3e6e.woff]
[preview.colorlib.com/theme/academica/icon-fonts/fontawesome-webfont3e6e.ttf]
[preview.colorlib.com/theme/academica/css/font-awesome.min.css]
[preview.colorlib.com/theme/academica/icon-fonts/fontawesome-webfont3e6e.svg]
[preview.colorlib.com/theme/academica/icon-fonts/Flaticon.eot]
[preview.colorlib.com/theme/academica/icon-fonts/Flaticond41d.eot]
[preview.colorlib.com/theme/academica/icon-fonts/Flaticon.woff]
[preview.colorlib.com/theme/academica/icon-fonts/Flaticon.ttf]
[preview.colorlib.com/theme/academica/css/Flaticon.svg]
[preview.colorlib.com/theme/academica/css/flaticon.css]
[preview.colorlib.com/theme/academica/icon-fonts/Flaticon.svg]
[preview.colorlib.com/theme/academica/css/owl.video.play.png]
[preview.colorlib.com/theme/academica/css/owl.carousel.css]
[preview.colorlib.com/theme/academica/css/style.css]
[preview.colorlib.com/cdn-cgi/zaraz/sd0d9.js]
[preview.colorlib.com/theme/academica/img/icons/1.png]
[preview.colorlib.com/theme/academica/img/icons/2.png]
[preview.colorlib.com/theme/academica/img/icons/3.png]
[preview.colorlib.com/theme/academica/img/icons/4.png]
[preview.colorlib.com/theme/academica/index.html]
[preview.colorlib.com/theme/academica/img/about.jpg]
[preview.colorlib.com/theme/academica/img/icons/check.png]
[preview.colorlib.com/theme/academica/about.html]
[preview.colorlib.com/theme/academica/blog.html]
[preview.colorlib.com/cdn-cgi/scripts/5c5dd728/cloudflare-static/email-decode.min.js]
[preview.colorlib.com/theme/academica/js/map.js]
[preview.colorlib.com/theme/academica/contact.html]
[preview.colorlib.com/theme/academica/icon-fonts/fontawesome-webfont3e6e.html]
[preview.colorlib.com/theme/academica/icon-fonts/fontawesome-webfont3e6e.svg]
[preview.colorlib.com/theme/academica/icon-fonts/Flaticon.svg]
[preview.colorlib.com/theme/academica/css/Flaticon.html]
[preview.colorlib.com/theme/academica/css/owl.video.play.html]
